wrote paper/numbers.tex (801 macros) and tables/
/mnt/nas1/nba055-2/idea_1/Nanograph/Nanograph/paper/make_figures.py:184: UserWarning: All values for SymLogScale are below linthresh, making it effectively linear. You likely should lower the value of linthresh. 
  a.axvline(op, ls=':', color=GREY)
/mnt/nas1/nba055-2/idea_1/Nanograph/Nanograph/paper/make_figures.py:184: UserWarning: All values for SymLogScale are below linthresh, making it effectively linear. You likely should lower the value of linthresh. 
  a.axvline(op, ls=':', color=GREY)
wrote fig_codec_rd.png
wrote fig_seg_bottleneck.png
wrote fig_topology.png
wrote cross_dataset_comparison.png
wrote fig_modality_scaling.png
wrote fig_prior_positioning.png
wrote fig_seg_perturb.png
wrote fig_downstream.png
wrote fig_layers.png
wrote fig_truth.png
wrote fig_clip.png
wrote fig_real.png
wrote fig_lossless.png
wrote tables/supp_downstream_L.tex (0 TBD cells)
wrote tables/supp_truth_L.tex (0 TBD cells)
wrote tables/supp_builder.tex (0 TBD cells)
wrote tables/supp_real.tex (0 TBD cells)
# Direction checks

numbers: `paper/numbers.tex` (commit f623678)

| check | status | claim | manuscript lines |
|---|---|---|---|
| `layer-size` | **PASS** | structure layer smaller than the lossless mask (abstract, layers section) | 89, 215 |
| `layer-topology` | **PASS** | stored components match the mask on >= 99 % and cycles on >= 90 % of images | 227, 229, 1174 |
| `ds-every` | **ERROR (KeyError)** | stored graph closer to the reference than JPEG on every descriptor (tab:downstream) | 453, 454, 455, 456, 457, 458 |
| `ds-components` | **PASS** | JPEG route fragments components more than the stored graph | 425, 426, 428, 453 |
| `ds-wasserstein` | **PASS** | branch-length distribution closer to the reference than JPEG | 430 |
| `cost` | **PASS** | query cost: structure layer < mask re-analysis < JPEG route | 90, 431, 432 |
| `gtiou-parity` | **PASS** | GT-IoU at parity with JPEG (95 % CI of the mean difference contains 0) | 959 |
| `gtiou-classical` | **PASS** | with the classical cascade JPEG is ahead on GT-IoU | - |
| `truth-jpeg-length` | **PASS** | JPEG length bias smaller than the graph's, but its concordance lower | 492, 493, 496 |
| `truth-width` | **PASS** | every route overstates width, the simulator mask included | 491, 492 |
| `truth-calibrated-ref` | **FAIL** | after calibration the graph is as close to truth as the simulator mask (within 2 points) | 500, 501, 502 |
| `truth-calibrated-jpeg` | **PASS** | after calibration the graph is closer to truth than JPEG on components, length, branches, junctions | 500, 501, 502 |
| `clip-rule` | **PASS** | the one-diameter rule reduces the clip's component overcount | 510, 511 |
| `real-seg` | **PASS** | real training raises in-pipeline Seg-IoU on all four datasets | 542, 543, 548, 549 |
| `real-human` | **PASS** | on EP-UiT-Human real training shrinks the branch bias and raises its CCC | 552, 553 |
| `real-q1` | **PASS** | the smallest JPEG is markedly worse than the structure layer (UiT, Human) | 566, 567 |
| `real-q20` | **PASS** | JPEG q20 reaches the structure layer on CBMI and MITO but falls short on UiT and Human | 566, 567, 571 |
| `lossless-smallest` | **FAIL** | T14: the structure layer is smaller than the best lossless alternative (per dataset) | - |
FINAL_NUMBERS_DONE
