device=cuda sets=['ALLEN'] strategy=finetune train=4987 val=789 lr=0.0003
ep   0 loss=0.3516 val_dice=0.8383 val_iou=0.7249 val_csens=0.8934 *saved
ep   1 loss=0.3277 val_dice=0.8415 val_iou=0.7285 val_csens=0.8514
ep   2 loss=0.3212 val_dice=0.8384 val_iou=0.7254 val_csens=0.9036 *saved
ep   3 loss=0.3188 val_dice=0.8441 val_iou=0.7330 val_csens=0.8797
ep   4 loss=0.3171 val_dice=0.8420 val_iou=0.7307 val_csens=0.8986
ep   5 loss=0.3148 val_dice=0.8399 val_iou=0.7259 val_csens=0.8520
ep   6 loss=0.3123 val_dice=0.8448 val_iou=0.7347 val_csens=0.8963
ep   7 loss=0.3104 val_dice=0.8449 val_iou=0.7338 val_csens=0.8650
ep   8 loss=0.3097 val_dice=0.8466 val_iou=0.7362 val_csens=0.8600
ep   9 loss=0.3100 val_dice=0.8458 val_iou=0.7362 val_csens=0.8968 *saved
ep  10 loss=0.3084 val_dice=0.8468 val_iou=0.7375 val_csens=0.8877
ep  11 loss=0.3075 val_dice=0.8472 val_iou=0.7376 val_csens=0.8763
ep  12 loss=0.3064 val_dice=0.8481 val_iou=0.7392 val_csens=0.8790
ep  13 loss=0.3054 val_dice=0.8449 val_iou=0.7348 val_csens=0.8965
ep  14 loss=0.3053 val_dice=0.8491 val_iou=0.7405 val_csens=0.8826
ep  15 loss=0.3040 val_dice=0.8446 val_iou=0.7345 val_csens=0.8979
ep  16 loss=0.3029 val_dice=0.8476 val_iou=0.7380 val_csens=0.8685
ep  17 loss=0.3023 val_dice=0.8477 val_iou=0.7383 val_csens=0.8762
ep  18 loss=0.3018 val_dice=0.8479 val_iou=0.7386 val_csens=0.8821
ep  19 loss=0.3017 val_dice=0.8468 val_iou=0.7368 val_csens=0.8691
ep  20 loss=0.3013 val_dice=0.8432 val_iou=0.7308 val_csens=0.8400
ep  21 loss=0.3005 val_dice=0.8492 val_iou=0.7408 val_csens=0.8820
ep  22 loss=0.2995 val_dice=0.8479 val_iou=0.7383 val_csens=0.8698
ep  23 loss=0.2988 val_dice=0.8482 val_iou=0.7390 val_csens=0.8755
ep  24 loss=0.2981 val_dice=0.8465 val_iou=0.7372 val_csens=0.8971 *saved
ep  25 loss=0.2987 val_dice=0.8486 val_iou=0.7398 val_csens=0.8844
ep  26 loss=0.2981 val_dice=0.8484 val_iou=0.7393 val_csens=0.8773
ep  27 loss=0.2976 val_dice=0.8479 val_iou=0.7392 val_csens=0.8936
ep  28 loss=0.2969 val_dice=0.8498 val_iou=0.7414 val_csens=0.8755
ep  29 loss=0.2965 val_dice=0.8497 val_iou=0.7413 val_csens=0.8784
ep  30 loss=0.2959 val_dice=0.8494 val_iou=0.7409 val_csens=0.8785
ep  31 loss=0.2959 val_dice=0.8498 val_iou=0.7416 val_csens=0.8802
ep  32 loss=0.2962 val_dice=0.8496 val_iou=0.7413 val_csens=0.8816
ep  33 loss=0.2953 val_dice=0.8487 val_iou=0.7401 val_csens=0.8892
ep  34 loss=0.2960 val_dice=0.8491 val_iou=0.7408 val_csens=0.8884
ep  35 loss=0.2953 val_dice=0.8494 val_iou=0.7410 val_csens=0.8824
ep  36 loss=0.2951 val_dice=0.8492 val_iou=0.7408 val_csens=0.8833
ep  37 loss=0.2945 val_dice=0.8495 val_iou=0.7410 val_csens=0.8782
ep  38 loss=0.2949 val_dice=0.8493 val_iou=0.7409 val_csens=0.8854
ep  39 loss=0.2944 val_dice=0.8494 val_iou=0.7410 val_csens=0.8820
