
== all L=0
          arm  bytes_mean  n_branches_bias_pct  n_branches_ccc  n_junctions_bias_pct  n_junctions_ccc  total_length_px_bias_pct  mean_width_px_bias_pct  cycle_rank_bias_pct  junc_f1_3  end_f1_3
       GRAPH6    2216.001              -44.345           0.249               -66.511            0.262                   -11.582                   3.221              -44.757      0.411     0.740
       GRAPH7     172.345              -27.617           0.472               -39.496            0.513                    -5.933                   4.909              -36.573      0.515     0.758
GRAPH7_eps0.5     195.308              -27.617           0.472               -39.496            0.513                    -5.933                   4.845              -36.573      0.515     0.758
GRAPH7_eps1.5     161.140              -27.617           0.472               -39.496            0.513                    -5.933                   4.943              -36.573      0.515     0.758
GRAPH7_eps3.0     155.076              -27.617           0.472               -39.496            0.513                    -5.933                   4.919              -36.573      0.515     0.758
      GRAPH7p     180.108              -27.617           0.472               -39.496            0.513                    -5.933                  19.940              -36.573      0.515     0.758
         JPEG    2147.775               37.296          -0.017                22.533            0.021                    22.894                   4.960               20.716      0.458     0.607
      JPEGq10    1263.350              503.188           0.001               630.501            0.002                   280.603                  20.325              854.220      0.207     0.254
      JPEGq20    1607.551              346.386          -0.005               306.380           -0.003                   189.968                   5.888              301.023      0.314     0.353
      JPEGq30    2578.852              -10.836           0.357               -18.550            0.465                    -0.682                   4.766              -19.437      0.477     0.682
       JPEGq5    1179.463              406.796           0.002               629.287            0.000                   224.189                  24.377             1507.417      0.195     0.255
      JPEGq50    4783.813              -24.545           0.500               -35.201            0.535                    -5.405                   4.303              -31.458      0.512     0.740
      JPEGq75    9206.189              -26.597           0.496               -38.936            0.525                    -5.592                   4.989              -35.038      0.524     0.758
         PRE7         NaN              -27.617           0.472               -39.496            0.513                    -5.985                   4.967              -36.573      0.515     0.758
          SEG     365.820              -27.617           0.472               -39.496            0.513                    -6.014                   5.028              -36.573      0.514     0.758

== all L=5
          arm  bytes_mean  n_branches_bias_pct  n_branches_ccc  n_junctions_bias_pct  n_junctions_ccc  total_length_px_bias_pct  mean_width_px_bias_pct  cycle_rank_bias_pct  junc_f1_3  end_f1_3
       GRAPH6    2216.001              -17.470           0.656               -38.435            0.602                    -8.433                   2.638              -44.757      0.657     0.800
       GRAPH7     172.345              -10.072           0.756               -19.850            0.738                    -3.818                   4.176              -36.573      0.693     0.803
GRAPH7_eps0.5     195.308              -10.072           0.756               -19.850            0.738                    -3.818                   4.109              -36.573      0.693     0.803
GRAPH7_eps1.5     161.140              -10.072           0.756               -19.850            0.738                    -3.818                   4.216              -36.573      0.693     0.803
GRAPH7_eps3.0     155.076              -10.072           0.756               -19.850            0.738                    -3.818                   4.196              -36.573      0.693     0.803
      GRAPH7p     180.108              -10.072           0.756               -19.850            0.738                    -3.818                  18.779              -36.573      0.693     0.803
         JPEG    2147.775               58.930          -0.013                45.455            0.061                    24.164                   4.338               20.716      0.581     0.628
      JPEGq10    1263.350              640.788           0.001               971.404            0.002                   285.363                  19.829              854.220      0.218     0.254
      JPEGq20    1607.551              423.725          -0.004               401.093            0.001                   191.065                   5.431              301.023      0.384     0.358
      JPEGq30    2578.852                3.050           0.506                -2.359            0.648                     0.808                   4.129              -19.437      0.630     0.713
       JPEGq5    1179.463              522.490           0.002              1012.831            0.000                   228.819                  23.840             1507.417      0.208     0.259
      JPEGq50    4783.813               -8.367           0.779               -16.916            0.759                    -3.483                   3.599              -31.458      0.680     0.780
      JPEGq75    9206.189               -9.165           0.782               -19.678            0.754                    -3.510                   4.257              -35.038      0.694     0.798
         PRE7         NaN              -10.072           0.756               -19.850            0.738                    -3.856                   4.234              -36.573      0.693     0.803
          SEG     365.820              -10.072           0.756               -19.850            0.738                    -3.880                   4.293              -36.573      0.692     0.803

== heldout L=0
          arm  bytes_mean  n_branches_bias_pct  n_branches_ccc  n_junctions_bias_pct  n_junctions_ccc  total_length_px_bias_pct  mean_width_px_bias_pct  cycle_rank_bias_pct  junc_f1_3  end_f1_3
       GRAPH6    2244.638              -45.836           0.263               -66.667            0.291                   -11.669                   2.787              -43.548      0.406     0.723
       GRAPH7     176.876              -26.772           0.467               -36.948            0.525                    -5.674                   4.537              -29.032      0.516     0.750
GRAPH7_eps0.5     200.438              -26.772           0.467               -36.948            0.525                    -5.674                   4.444              -29.032      0.516     0.750
GRAPH7_eps1.5     165.029              -26.772           0.467               -36.948            0.525                    -5.674                   4.472              -29.032      0.516     0.750
GRAPH7_eps3.0     159.095              -26.772           0.467               -36.948            0.525                    -5.674                   4.507              -29.032      0.516     0.750
      GRAPH7p     185.362              -26.772           0.467               -36.948            0.525                    -5.674                  23.000              -29.032      0.516     0.750
         JPEG    2168.590               12.182           0.099                -0.201            0.363                     8.184                   5.217                6.452      0.447     0.600
      JPEGq10    1261.667              416.586           0.008               503.012            0.010                   238.368                  19.461              603.226      0.217     0.251
      JPEGq20    1619.295              351.204          -0.005               306.024            0.001                   201.308                   6.496              258.065      0.307     0.346
      JPEGq30    2602.724              -10.461           0.443               -15.863            0.495                    -0.859                   5.293               -6.452      0.468     0.673
       JPEGq5    1180.343              469.030          -0.002               738.353           -0.001                   272.479                  25.748             1788.710      0.191     0.229
      JPEGq50    4817.381              -24.019           0.529               -32.932            0.570                    -5.002                   3.844              -16.129      0.513     0.722
      JPEGq75    9272.819              -27.667           0.470               -39.357            0.507                    -5.368                   4.828              -29.032      0.524     0.747
         PRE7         NaN              -26.772           0.467               -36.948            0.525                    -5.737                   4.567              -29.032      0.516     0.750
          SEG     369.771              -26.772           0.467               -36.948            0.525                    -5.783                   4.619              -29.032      0.516     0.750

== heldout L=5
          arm  bytes_mean  n_branches_bias_pct  n_branches_ccc  n_junctions_bias_pct  n_junctions_ccc  total_length_px_bias_pct  mean_width_px_bias_pct  cycle_rank_bias_pct  junc_f1_3  end_f1_3
       GRAPH6    2244.638              -19.527           0.665               -39.927            0.636                    -8.430                   2.164              -43.548      0.654     0.778
       GRAPH7     176.876              -10.277           0.754               -18.315            0.745                    -3.518                   3.858              -29.032      0.693     0.787
GRAPH7_eps0.5     200.438              -10.277           0.754               -18.315            0.745                    -3.518                   3.767              -29.032      0.693     0.787
GRAPH7_eps1.5     165.029              -10.277           0.754               -18.315            0.745                    -3.518                   3.793              -29.032      0.693     0.787
GRAPH7_eps3.0     159.095              -10.277           0.754               -18.315            0.745                    -3.518                   3.833              -29.032      0.693     0.787
      GRAPH7p     185.362              -10.277           0.754               -18.315            0.745                    -3.518                  21.653              -29.032      0.693     0.787
         JPEG    2168.590               28.674           0.186                14.286            0.614                     9.355                   4.588                6.452      0.584     0.623
      JPEGq10    1261.667              533.196           0.008               758.974            0.010                   242.790                  18.899              603.226      0.206     0.242
      JPEGq20    1619.295              432.477          -0.005               395.971            0.010                   202.804                   6.029              258.065      0.383     0.353
      JPEGq30    2602.724                2.261           0.600                -0.733            0.670                     0.724                   4.610               -6.452      0.605     0.691
       JPEGq5    1180.343              609.353           0.000              1184.615            0.002                   278.882                  25.156             1788.710      0.201     0.232
      JPEGq50    4817.381               -7.297           0.810               -13.553            0.794                    -2.970                   3.111              -16.129      0.632     0.757
      JPEGq75    9272.819               -9.455           0.780               -18.681            0.748                    -3.101                   4.038              -29.032      0.672     0.789
         PRE7         NaN              -10.277           0.754               -18.315            0.745                    -3.566                   3.886              -29.032      0.693     0.787
          SEG     369.771              -10.277           0.754               -18.315            0.745                    -3.602                   3.947              -29.032      0.693     0.787
