device=cuda sets=['UIT', 'CBMI', 'MITO'] strategy=scratch train=585 val=97 lr=0.001
ep   0 loss=1.4067 val_dice=0.6066 val_iou=0.4903 val_csens=0.7230 *saved
ep   1 loss=1.0439 val_dice=0.6247 val_iou=0.5126 val_csens=0.7715 *saved
ep   2 loss=0.8521 val_dice=0.6067 val_iou=0.4881 val_csens=0.7437
ep   3 loss=0.7403 val_dice=0.5888 val_iou=0.4758 val_csens=0.7197
ep   4 loss=0.7006 val_dice=0.5509 val_iou=0.4442 val_csens=0.5482
ep   5 loss=0.6797 val_dice=0.6261 val_iou=0.5110 val_csens=0.7224
ep   6 loss=0.6516 val_dice=0.6340 val_iou=0.5245 val_csens=0.7338
ep   7 loss=0.6420 val_dice=0.6323 val_iou=0.5181 val_csens=0.7606
ep   8 loss=0.6366 val_dice=0.6131 val_iou=0.5020 val_csens=0.6548
ep   9 loss=0.6311 val_dice=0.6064 val_iou=0.4896 val_csens=0.6790
ep  10 loss=0.6279 val_dice=0.6226 val_iou=0.5027 val_csens=0.7673
ep  11 loss=0.6319 val_dice=0.6218 val_iou=0.5038 val_csens=0.6653
ep  12 loss=0.6205 val_dice=0.5877 val_iou=0.4651 val_csens=0.6628
ep  13 loss=0.6199 val_dice=0.6219 val_iou=0.5108 val_csens=0.6943
ep  14 loss=0.6185 val_dice=0.6037 val_iou=0.4846 val_csens=0.7468
ep  15 loss=0.6005 val_dice=0.6172 val_iou=0.4961 val_csens=0.6952
ep  16 loss=0.5948 val_dice=0.5605 val_iou=0.4520 val_csens=0.5888
ep  17 loss=0.5984 val_dice=0.5322 val_iou=0.4251 val_csens=0.5271
ep  18 loss=0.5992 val_dice=0.5484 val_iou=0.4404 val_csens=0.5505
ep  19 loss=0.6017 val_dice=0.5509 val_iou=0.4464 val_csens=0.5300
ep  20 loss=0.5944 val_dice=0.6244 val_iou=0.5055 val_csens=0.7015
ep  21 loss=0.5994 val_dice=0.6334 val_iou=0.5204 val_csens=0.7273
ep  22 loss=0.5798 val_dice=0.6283 val_iou=0.5106 val_csens=0.6877
ep  23 loss=0.5872 val_dice=0.5602 val_iou=0.4476 val_csens=0.5568
ep  24 loss=0.5859 val_dice=0.6238 val_iou=0.5085 val_csens=0.6753
ep  25 loss=0.5796 val_dice=0.6452 val_iou=0.5303 val_csens=0.7947 *saved
ep  26 loss=0.5748 val_dice=0.6553 val_iou=0.5397 val_csens=0.7748
ep  27 loss=0.5765 val_dice=0.6194 val_iou=0.4989 val_csens=0.6604
ep  28 loss=0.5761 val_dice=0.5798 val_iou=0.4696 val_csens=0.5830
ep  29 loss=0.5663 val_dice=0.5981 val_iou=0.4830 val_csens=0.6095
ep  30 loss=0.5644 val_dice=0.6352 val_iou=0.5145 val_csens=0.7088
ep  31 loss=0.5582 val_dice=0.6583 val_iou=0.5412 val_csens=0.7222
ep  32 loss=0.5543 val_dice=0.6674 val_iou=0.5509 val_csens=0.7357
ep  33 loss=0.5607 val_dice=0.6580 val_iou=0.5382 val_csens=0.7102
ep  34 loss=0.5562 val_dice=0.6315 val_iou=0.5099 val_csens=0.7327
ep  35 loss=0.5486 val_dice=0.6607 val_iou=0.5398 val_csens=0.7105
ep  36 loss=0.5478 val_dice=0.6361 val_iou=0.5175 val_csens=0.7030
ep  37 loss=0.5464 val_dice=0.6543 val_iou=0.5315 val_csens=0.7029
ep  38 loss=0.5402 val_dice=0.6455 val_iou=0.5236 val_csens=0.6845
ep  39 loss=0.5376 val_dice=0.6655 val_iou=0.5444 val_csens=0.7032
ep  40 loss=0.5406 val_dice=0.6365 val_iou=0.5165 val_csens=0.6674
ep  41 loss=0.5392 val_dice=0.6821 val_iou=0.5600 val_csens=0.7538
ep  42 loss=0.5377 val_dice=0.6716 val_iou=0.5495 val_csens=0.7214
ep  43 loss=0.5348 val_dice=0.6667 val_iou=0.5434 val_csens=0.7635
ep  44 loss=0.5312 val_dice=0.6536 val_iou=0.5314 val_csens=0.6754
ep  45 loss=0.5290 val_dice=0.6849 val_iou=0.5625 val_csens=0.7476
ep  46 loss=0.5213 val_dice=0.6588 val_iou=0.5361 val_csens=0.6807
ep  47 loss=0.5267 val_dice=0.6720 val_iou=0.5480 val_csens=0.7176
ep  48 loss=0.5211 val_dice=0.6667 val_iou=0.5442 val_csens=0.6853
ep  49 loss=0.5177 val_dice=0.6830 val_iou=0.5608 val_csens=0.7245
ep  50 loss=0.5205 val_dice=0.6693 val_iou=0.5472 val_csens=0.6909
ep  51 loss=0.5165 val_dice=0.6734 val_iou=0.5502 val_csens=0.7003
ep  52 loss=0.5160 val_dice=0.6893 val_iou=0.5640 val_csens=0.7472
ep  53 loss=0.5098 val_dice=0.6825 val_iou=0.5583 val_csens=0.7298
ep  54 loss=0.5082 val_dice=0.6820 val_iou=0.5588 val_csens=0.7185
ep  55 loss=0.5094 val_dice=0.6834 val_iou=0.5598 val_csens=0.7292
ep  56 loss=0.5144 val_dice=0.6902 val_iou=0.5658 val_csens=0.7467
ep  57 loss=0.5087 val_dice=0.6856 val_iou=0.5610 val_csens=0.7321
ep  58 loss=0.5159 val_dice=0.6844 val_iou=0.5598 val_csens=0.7304
ep  59 loss=0.5070 val_dice=0.6850 val_iou=0.5605 val_csens=0.7336
