device=cuda sets=['UIT', 'CBMI', 'MITO'] strategy=scratch train=585 val=97 lr=0.001
ep   0 loss=1.2837 val_dice=0.3812 val_iou=0.2657 val_csens=0.8808 *saved
ep   1 loss=0.9517 val_dice=0.5852 val_iou=0.4610 val_csens=0.6099
ep   2 loss=0.8168 val_dice=0.6157 val_iou=0.5021 val_csens=0.8319 *saved
ep   3 loss=0.7345 val_dice=0.6290 val_iou=0.5150 val_csens=0.7363
ep   4 loss=0.6913 val_dice=0.6140 val_iou=0.5012 val_csens=0.6728
ep   5 loss=0.6707 val_dice=0.5844 val_iou=0.4703 val_csens=0.6042
ep   6 loss=0.6625 val_dice=0.5440 val_iou=0.4186 val_csens=0.5248
ep   7 loss=0.6556 val_dice=0.6182 val_iou=0.5003 val_csens=0.7242
ep   8 loss=0.6473 val_dice=0.6015 val_iou=0.4825 val_csens=0.6898
ep   9 loss=0.6406 val_dice=0.6104 val_iou=0.4958 val_csens=0.8106
ep  10 loss=0.6286 val_dice=0.6310 val_iou=0.5136 val_csens=0.6972
ep  11 loss=0.6278 val_dice=0.6335 val_iou=0.5177 val_csens=0.7826
ep  12 loss=0.6084 val_dice=0.6244 val_iou=0.5119 val_csens=0.8141
ep  13 loss=0.6179 val_dice=0.6004 val_iou=0.4830 val_csens=0.6234
ep  14 loss=0.6109 val_dice=0.6180 val_iou=0.4968 val_csens=0.7242
ep  15 loss=0.6166 val_dice=0.5985 val_iou=0.4823 val_csens=0.6584
ep  16 loss=0.6155 val_dice=0.6118 val_iou=0.4955 val_csens=0.6324
ep  17 loss=0.6046 val_dice=0.6154 val_iou=0.5010 val_csens=0.6412
ep  18 loss=0.5937 val_dice=0.5939 val_iou=0.4756 val_csens=0.6235
ep  19 loss=0.5941 val_dice=0.6235 val_iou=0.5026 val_csens=0.7098
ep  20 loss=0.5820 val_dice=0.5980 val_iou=0.4782 val_csens=0.6982
ep  21 loss=0.5925 val_dice=0.6320 val_iou=0.5130 val_csens=0.6500
ep  22 loss=0.5797 val_dice=0.6343 val_iou=0.5226 val_csens=0.7220
ep  23 loss=0.5837 val_dice=0.6501 val_iou=0.5336 val_csens=0.7363
ep  24 loss=0.5874 val_dice=0.6200 val_iou=0.4986 val_csens=0.6841
ep  25 loss=0.5820 val_dice=0.6362 val_iou=0.5121 val_csens=0.6914
ep  26 loss=0.5756 val_dice=0.6120 val_iou=0.4929 val_csens=0.6821
ep  27 loss=0.5713 val_dice=0.6277 val_iou=0.5075 val_csens=0.6469
ep  28 loss=0.5548 val_dice=0.6223 val_iou=0.5124 val_csens=0.6543
ep  29 loss=0.5661 val_dice=0.6492 val_iou=0.5262 val_csens=0.7175
ep  30 loss=0.5650 val_dice=0.6690 val_iou=0.5501 val_csens=0.7979 *saved
ep  31 loss=0.5570 val_dice=0.6512 val_iou=0.5268 val_csens=0.7056
ep  32 loss=0.5524 val_dice=0.6375 val_iou=0.5202 val_csens=0.6615
ep  33 loss=0.5528 val_dice=0.6422 val_iou=0.5283 val_csens=0.6816
ep  34 loss=0.5552 val_dice=0.6531 val_iou=0.5316 val_csens=0.6815
ep  35 loss=0.5430 val_dice=0.6569 val_iou=0.5376 val_csens=0.6965
ep  36 loss=0.5414 val_dice=0.6428 val_iou=0.5240 val_csens=0.6646
ep  37 loss=0.5423 val_dice=0.6600 val_iou=0.5348 val_csens=0.7668
ep  38 loss=0.5367 val_dice=0.6332 val_iou=0.5132 val_csens=0.6388
ep  39 loss=0.5314 val_dice=0.6154 val_iou=0.4946 val_csens=0.6256
ep  40 loss=0.5316 val_dice=0.6359 val_iou=0.5153 val_csens=0.6629
ep  41 loss=0.5319 val_dice=0.6794 val_iou=0.5547 val_csens=0.7354
ep  42 loss=0.5231 val_dice=0.6484 val_iou=0.5289 val_csens=0.6599
ep  43 loss=0.5175 val_dice=0.6602 val_iou=0.5368 val_csens=0.6781
ep  44 loss=0.5247 val_dice=0.6622 val_iou=0.5378 val_csens=0.7271
ep  45 loss=0.5143 val_dice=0.6582 val_iou=0.5344 val_csens=0.6930
ep  46 loss=0.5168 val_dice=0.6862 val_iou=0.5620 val_csens=0.7874 *saved
ep  47 loss=0.5192 val_dice=0.6681 val_iou=0.5450 val_csens=0.6972
ep  48 loss=0.5112 val_dice=0.6628 val_iou=0.5397 val_csens=0.6911
ep  49 loss=0.5164 val_dice=0.6657 val_iou=0.5435 val_csens=0.6826
ep  50 loss=0.5127 val_dice=0.6758 val_iou=0.5522 val_csens=0.7197
ep  51 loss=0.5107 val_dice=0.6739 val_iou=0.5501 val_csens=0.6995
ep  52 loss=0.5046 val_dice=0.6773 val_iou=0.5546 val_csens=0.7067
ep  53 loss=0.5021 val_dice=0.6843 val_iou=0.5607 val_csens=0.7321
ep  54 loss=0.5061 val_dice=0.6817 val_iou=0.5579 val_csens=0.7242
ep  55 loss=0.5043 val_dice=0.6744 val_iou=0.5510 val_csens=0.7008
ep  56 loss=0.5065 val_dice=0.6803 val_iou=0.5571 val_csens=0.7084
ep  57 loss=0.5022 val_dice=0.6845 val_iou=0.5615 val_csens=0.7223
ep  58 loss=0.5001 val_dice=0.6762 val_iou=0.5528 val_csens=0.7053
ep  59 loss=0.5006 val_dice=0.6821 val_iou=0.5587 val_csens=0.7177
