device=cuda sets=['UIT', 'CBMI', 'MITO'] strategy=joint train=1203 val=97 lr=0.001
ep   0 loss=1.2337 val_dice=0.6051 val_iou=0.4953 val_csens=0.7814 *saved
ep   1 loss=0.6549 val_dice=0.6068 val_iou=0.4928 val_csens=0.8153 *saved
ep   2 loss=0.4790 val_dice=0.6127 val_iou=0.4970 val_csens=0.7680
ep   3 loss=0.4382 val_dice=0.6144 val_iou=0.5032 val_csens=0.8057
ep   4 loss=0.4254 val_dice=0.6200 val_iou=0.5095 val_csens=0.8072 *saved
ep   5 loss=0.4127 val_dice=0.6247 val_iou=0.5104 val_csens=0.7526
ep   6 loss=0.4026 val_dice=0.6265 val_iou=0.5164 val_csens=0.8232 *saved
ep   7 loss=0.3974 val_dice=0.6164 val_iou=0.4984 val_csens=0.8003
ep   8 loss=0.3946 val_dice=0.6166 val_iou=0.5045 val_csens=0.8417 *saved
ep   9 loss=0.3828 val_dice=0.6212 val_iou=0.5061 val_csens=0.6929
ep  10 loss=0.3816 val_dice=0.6135 val_iou=0.5019 val_csens=0.6651
ep  11 loss=0.3745 val_dice=0.6376 val_iou=0.5278 val_csens=0.7636
ep  12 loss=0.3682 val_dice=0.6225 val_iou=0.5065 val_csens=0.7156
ep  13 loss=0.3653 val_dice=0.6396 val_iou=0.5257 val_csens=0.7393
ep  14 loss=0.3669 val_dice=0.5493 val_iou=0.4319 val_csens=0.5600
ep  15 loss=0.3653 val_dice=0.6375 val_iou=0.5244 val_csens=0.7382
ep  16 loss=0.3540 val_dice=0.6394 val_iou=0.5270 val_csens=0.7338
ep  17 loss=0.3581 val_dice=0.5938 val_iou=0.4783 val_csens=0.6291
ep  18 loss=0.3579 val_dice=0.6281 val_iou=0.5095 val_csens=0.6926
ep  19 loss=0.3550 val_dice=0.6421 val_iou=0.5317 val_csens=0.7031
ep  20 loss=0.3551 val_dice=0.6218 val_iou=0.5048 val_csens=0.7140
ep  21 loss=0.3485 val_dice=0.5948 val_iou=0.4811 val_csens=0.6198
ep  22 loss=0.3419 val_dice=0.6547 val_iou=0.5374 val_csens=0.7217
ep  23 loss=0.3435 val_dice=0.6064 val_iou=0.4948 val_csens=0.6270
ep  24 loss=0.3390 val_dice=0.6241 val_iou=0.5069 val_csens=0.7131
ep  25 loss=0.3361 val_dice=0.6353 val_iou=0.5169 val_csens=0.7159
ep  26 loss=0.3407 val_dice=0.6560 val_iou=0.5389 val_csens=0.7796
ep  27 loss=0.3352 val_dice=0.6611 val_iou=0.5465 val_csens=0.7759
ep  28 loss=0.3307 val_dice=0.6475 val_iou=0.5311 val_csens=0.6921
ep  29 loss=0.3281 val_dice=0.6421 val_iou=0.5236 val_csens=0.7189
ep  30 loss=0.3303 val_dice=0.6742 val_iou=0.5550 val_csens=0.7621
ep  31 loss=0.3248 val_dice=0.6591 val_iou=0.5389 val_csens=0.6999
ep  32 loss=0.3236 val_dice=0.6711 val_iou=0.5521 val_csens=0.7836
ep  33 loss=0.3205 val_dice=0.6591 val_iou=0.5402 val_csens=0.7077
ep  34 loss=0.3207 val_dice=0.6583 val_iou=0.5400 val_csens=0.7085
ep  35 loss=0.3204 val_dice=0.6730 val_iou=0.5516 val_csens=0.7374
ep  36 loss=0.3180 val_dice=0.6693 val_iou=0.5510 val_csens=0.7285
ep  37 loss=0.3169 val_dice=0.6727 val_iou=0.5509 val_csens=0.7329
ep  38 loss=0.3127 val_dice=0.6536 val_iou=0.5350 val_csens=0.6690
ep  39 loss=0.3098 val_dice=0.6578 val_iou=0.5379 val_csens=0.6922
ep  40 loss=0.3100 val_dice=0.6494 val_iou=0.5285 val_csens=0.6668
ep  41 loss=0.3084 val_dice=0.6568 val_iou=0.5422 val_csens=0.6942
ep  42 loss=0.3080 val_dice=0.6554 val_iou=0.5334 val_csens=0.7118
ep  43 loss=0.3033 val_dice=0.6806 val_iou=0.5614 val_csens=0.7236
ep  44 loss=0.3043 val_dice=0.6814 val_iou=0.5609 val_csens=0.7814 *saved
ep  45 loss=0.3052 val_dice=0.6859 val_iou=0.5634 val_csens=0.7509
ep  46 loss=0.3015 val_dice=0.6631 val_iou=0.5426 val_csens=0.6787
ep  47 loss=0.2972 val_dice=0.6579 val_iou=0.5364 val_csens=0.6840
ep  48 loss=0.2970 val_dice=0.6694 val_iou=0.5487 val_csens=0.7019
ep  49 loss=0.2954 val_dice=0.6727 val_iou=0.5510 val_csens=0.7013
ep  50 loss=0.2943 val_dice=0.6767 val_iou=0.5531 val_csens=0.7127
ep  51 loss=0.2957 val_dice=0.6814 val_iou=0.5585 val_csens=0.7181
ep  52 loss=0.2942 val_dice=0.6769 val_iou=0.5538 val_csens=0.7129
ep  53 loss=0.2914 val_dice=0.6791 val_iou=0.5569 val_csens=0.7071
ep  54 loss=0.2921 val_dice=0.6815 val_iou=0.5590 val_csens=0.7196
ep  55 loss=0.2923 val_dice=0.6865 val_iou=0.5636 val_csens=0.7292
ep  56 loss=0.2890 val_dice=0.6762 val_iou=0.5535 val_csens=0.6999
ep  57 loss=0.2889 val_dice=0.6902 val_iou=0.5675 val_csens=0.7402
ep  58 loss=0.2913 val_dice=0.6844 val_iou=0.5615 val_csens=0.7220
ep  59 loss=0.2913 val_dice=0.6828 val_iou=0.5597 val_csens=0.7215
