device=cuda sets=['UIT', 'CBMI', 'MITO'] strategy=joint train=1203 val=97 lr=0.001
ep   0 loss=1.2820 val_dice=0.6060 val_iou=0.4904 val_csens=0.7473 *saved
ep   1 loss=0.6857 val_dice=0.5823 val_iou=0.4628 val_csens=0.8201 *saved
ep   2 loss=0.4855 val_dice=0.6123 val_iou=0.4947 val_csens=0.7878
ep   3 loss=0.4441 val_dice=0.5924 val_iou=0.4729 val_csens=0.7862
ep   4 loss=0.4215 val_dice=0.6040 val_iou=0.4918 val_csens=0.6956
ep   5 loss=0.4183 val_dice=0.5784 val_iou=0.4586 val_csens=0.6758
ep   6 loss=0.4012 val_dice=0.6126 val_iou=0.4920 val_csens=0.6992
ep   7 loss=0.3928 val_dice=0.6257 val_iou=0.5088 val_csens=0.7471
ep   8 loss=0.3900 val_dice=0.6452 val_iou=0.5326 val_csens=0.7624 *saved
ep   9 loss=0.3846 val_dice=0.6412 val_iou=0.5265 val_csens=0.7500
ep  10 loss=0.3777 val_dice=0.6295 val_iou=0.5176 val_csens=0.7008
ep  11 loss=0.3730 val_dice=0.6318 val_iou=0.5177 val_csens=0.8026 *saved
ep  12 loss=0.3660 val_dice=0.6264 val_iou=0.5195 val_csens=0.7041
ep  13 loss=0.3682 val_dice=0.6422 val_iou=0.5309 val_csens=0.7397
ep  14 loss=0.3640 val_dice=0.6443 val_iou=0.5297 val_csens=0.7549
ep  15 loss=0.3605 val_dice=0.6253 val_iou=0.5096 val_csens=0.6708
ep  16 loss=0.3555 val_dice=0.6509 val_iou=0.5374 val_csens=0.7954 *saved
ep  17 loss=0.3529 val_dice=0.6511 val_iou=0.5379 val_csens=0.7516
ep  18 loss=0.3562 val_dice=0.6633 val_iou=0.5466 val_csens=0.7634
ep  19 loss=0.3526 val_dice=0.6500 val_iou=0.5313 val_csens=0.7667
ep  20 loss=0.3522 val_dice=0.6338 val_iou=0.5131 val_csens=0.7335
ep  21 loss=0.3458 val_dice=0.6413 val_iou=0.5221 val_csens=0.7201
ep  22 loss=0.3477 val_dice=0.6142 val_iou=0.4920 val_csens=0.6404
ep  23 loss=0.3423 val_dice=0.6580 val_iou=0.5425 val_csens=0.7670
ep  24 loss=0.3424 val_dice=0.6664 val_iou=0.5459 val_csens=0.7630
ep  25 loss=0.3398 val_dice=0.6516 val_iou=0.5287 val_csens=0.7348
ep  26 loss=0.3377 val_dice=0.6216 val_iou=0.5079 val_csens=0.6346
ep  27 loss=0.3308 val_dice=0.6469 val_iou=0.5259 val_csens=0.7483
ep  28 loss=0.3340 val_dice=0.6704 val_iou=0.5511 val_csens=0.7410
ep  29 loss=0.3276 val_dice=0.5709 val_iou=0.4600 val_csens=0.5488
ep  30 loss=0.3230 val_dice=0.6451 val_iou=0.5277 val_csens=0.6710
ep  31 loss=0.3276 val_dice=0.6811 val_iou=0.5577 val_csens=0.7393
ep  32 loss=0.3253 val_dice=0.6788 val_iou=0.5578 val_csens=0.7365
ep  33 loss=0.3208 val_dice=0.6558 val_iou=0.5311 val_csens=0.6786
ep  34 loss=0.3218 val_dice=0.6563 val_iou=0.5330 val_csens=0.7783
ep  35 loss=0.3136 val_dice=0.6590 val_iou=0.5436 val_csens=0.7154
ep  36 loss=0.3153 val_dice=0.6321 val_iou=0.5145 val_csens=0.6387
ep  37 loss=0.3136 val_dice=0.6722 val_iou=0.5515 val_csens=0.7169
ep  38 loss=0.3125 val_dice=0.6627 val_iou=0.5433 val_csens=0.6996
ep  39 loss=0.3051 val_dice=0.6669 val_iou=0.5441 val_csens=0.6970
ep  40 loss=0.3086 val_dice=0.6936 val_iou=0.5726 val_csens=0.7869 *saved
ep  41 loss=0.3023 val_dice=0.6664 val_iou=0.5457 val_csens=0.6979
ep  42 loss=0.3063 val_dice=0.6678 val_iou=0.5465 val_csens=0.7085
ep  43 loss=0.3052 val_dice=0.6794 val_iou=0.5552 val_csens=0.7289
ep  44 loss=0.3012 val_dice=0.6822 val_iou=0.5578 val_csens=0.7391
ep  45 loss=0.3043 val_dice=0.6842 val_iou=0.5599 val_csens=0.7475
ep  46 loss=0.3002 val_dice=0.6721 val_iou=0.5468 val_csens=0.7254
ep  47 loss=0.2987 val_dice=0.6835 val_iou=0.5632 val_csens=0.7219
ep  48 loss=0.3008 val_dice=0.6973 val_iou=0.5747 val_csens=0.7551
ep  49 loss=0.2939 val_dice=0.6965 val_iou=0.5724 val_csens=0.7862 *saved
ep  50 loss=0.2978 val_dice=0.6889 val_iou=0.5680 val_csens=0.7389
ep  51 loss=0.2996 val_dice=0.6933 val_iou=0.5688 val_csens=0.7601
ep  52 loss=0.2968 val_dice=0.6935 val_iou=0.5688 val_csens=0.7551
ep  53 loss=0.2933 val_dice=0.6925 val_iou=0.5694 val_csens=0.7423
ep  54 loss=0.2921 val_dice=0.6981 val_iou=0.5745 val_csens=0.7720
ep  55 loss=0.2936 val_dice=0.6948 val_iou=0.5705 val_csens=0.7664
ep  56 loss=0.2919 val_dice=0.6901 val_iou=0.5658 val_csens=0.7367
ep  57 loss=0.2929 val_dice=0.6935 val_iou=0.5695 val_csens=0.7452
ep  58 loss=0.2920 val_dice=0.6945 val_iou=0.5705 val_csens=0.7505
ep  59 loss=0.2926 val_dice=0.6954 val_iou=0.5719 val_csens=0.7543
