device=cuda sets=['UIT', 'CBMI', 'MITO'] strategy=scratch train=585 val=97 lr=0.001
ep   0 loss=1.3776 val_dice=0.5674 val_iou=0.4458 val_csens=0.6060 *saved
ep   1 loss=1.0191 val_dice=0.5876 val_iou=0.4720 val_csens=0.8098 *saved
ep   2 loss=0.8276 val_dice=0.5978 val_iou=0.4891 val_csens=0.8260 *saved
ep   3 loss=0.7322 val_dice=0.6055 val_iou=0.4938 val_csens=0.6661
ep   4 loss=0.6825 val_dice=0.6021 val_iou=0.4905 val_csens=0.6751
ep   5 loss=0.6648 val_dice=0.6140 val_iou=0.4931 val_csens=0.7365
ep   6 loss=0.6509 val_dice=0.6079 val_iou=0.4915 val_csens=0.6479
ep   7 loss=0.6473 val_dice=0.6082 val_iou=0.4926 val_csens=0.6734
ep   8 loss=0.6416 val_dice=0.6327 val_iou=0.5200 val_csens=0.8040 *saved
ep   9 loss=0.6215 val_dice=0.6315 val_iou=0.5158 val_csens=0.7809
ep  10 loss=0.6203 val_dice=0.5744 val_iou=0.4601 val_csens=0.5715
ep  11 loss=0.6215 val_dice=0.6402 val_iou=0.5246 val_csens=0.7150
ep  12 loss=0.6128 val_dice=0.6264 val_iou=0.5109 val_csens=0.6930
ep  13 loss=0.6147 val_dice=0.5888 val_iou=0.4714 val_csens=0.6025
ep  14 loss=0.6080 val_dice=0.6464 val_iou=0.5327 val_csens=0.7938 *saved
ep  15 loss=0.5972 val_dice=0.6384 val_iou=0.5230 val_csens=0.7170
ep  16 loss=0.6073 val_dice=0.6300 val_iou=0.5125 val_csens=0.6789
ep  17 loss=0.5963 val_dice=0.6399 val_iou=0.5220 val_csens=0.7575
ep  18 loss=0.5992 val_dice=0.6184 val_iou=0.4995 val_csens=0.7604
ep  19 loss=0.6058 val_dice=0.6211 val_iou=0.5025 val_csens=0.6993
ep  20 loss=0.6030 val_dice=0.6433 val_iou=0.5282 val_csens=0.7585
ep  21 loss=0.5852 val_dice=0.6386 val_iou=0.5200 val_csens=0.6932
ep  22 loss=0.5866 val_dice=0.5838 val_iou=0.4697 val_csens=0.5889
ep  23 loss=0.5849 val_dice=0.6139 val_iou=0.4927 val_csens=0.6738
ep  24 loss=0.5826 val_dice=0.6166 val_iou=0.4998 val_csens=0.6570
ep  25 loss=0.5788 val_dice=0.6633 val_iou=0.5473 val_csens=0.7776 *saved
ep  26 loss=0.5722 val_dice=0.6388 val_iou=0.5230 val_csens=0.6964
ep  27 loss=0.5643 val_dice=0.6375 val_iou=0.5117 val_csens=0.7117
ep  28 loss=0.5676 val_dice=0.6658 val_iou=0.5435 val_csens=0.7535
ep  29 loss=0.5687 val_dice=0.6520 val_iou=0.5307 val_csens=0.7794
ep  30 loss=0.5639 val_dice=0.5336 val_iou=0.4248 val_csens=0.5098
ep  31 loss=0.5613 val_dice=0.6603 val_iou=0.5380 val_csens=0.7715
ep  32 loss=0.5501 val_dice=0.6518 val_iou=0.5301 val_csens=0.7179
ep  33 loss=0.5521 val_dice=0.6653 val_iou=0.5420 val_csens=0.7578
ep  34 loss=0.5522 val_dice=0.6360 val_iou=0.5151 val_csens=0.6566
ep  35 loss=0.5510 val_dice=0.6454 val_iou=0.5215 val_csens=0.7130
ep  36 loss=0.5480 val_dice=0.6406 val_iou=0.5158 val_csens=0.6749
ep  37 loss=0.5391 val_dice=0.6493 val_iou=0.5248 val_csens=0.7319
ep  38 loss=0.5429 val_dice=0.6522 val_iou=0.5282 val_csens=0.7182
ep  39 loss=0.5329 val_dice=0.6452 val_iou=0.5237 val_csens=0.6615
ep  40 loss=0.5368 val_dice=0.6624 val_iou=0.5383 val_csens=0.7096
ep  41 loss=0.5343 val_dice=0.6634 val_iou=0.5387 val_csens=0.6870
ep  42 loss=0.5351 val_dice=0.6582 val_iou=0.5313 val_csens=0.7028
ep  43 loss=0.5288 val_dice=0.6508 val_iou=0.5269 val_csens=0.6805
ep  44 loss=0.5301 val_dice=0.6836 val_iou=0.5588 val_csens=0.7506
ep  45 loss=0.5328 val_dice=0.6704 val_iou=0.5468 val_csens=0.7109
ep  46 loss=0.5219 val_dice=0.6779 val_iou=0.5518 val_csens=0.7384
ep  47 loss=0.5216 val_dice=0.6776 val_iou=0.5513 val_csens=0.7223
ep  48 loss=0.5166 val_dice=0.6796 val_iou=0.5532 val_csens=0.7444
ep  49 loss=0.5150 val_dice=0.6605 val_iou=0.5353 val_csens=0.7096
ep  50 loss=0.5127 val_dice=0.6758 val_iou=0.5505 val_csens=0.7215
ep  51 loss=0.5186 val_dice=0.6874 val_iou=0.5618 val_csens=0.7504
ep  52 loss=0.5090 val_dice=0.6798 val_iou=0.5542 val_csens=0.7350
ep  53 loss=0.5142 val_dice=0.6736 val_iou=0.5486 val_csens=0.7176
ep  54 loss=0.5102 val_dice=0.6739 val_iou=0.5486 val_csens=0.7183
ep  55 loss=0.5073 val_dice=0.6692 val_iou=0.5453 val_csens=0.6977
ep  56 loss=0.5110 val_dice=0.6699 val_iou=0.5447 val_csens=0.7063
ep  57 loss=0.5122 val_dice=0.6702 val_iou=0.5450 val_csens=0.7061
ep  58 loss=0.5069 val_dice=0.6732 val_iou=0.5475 val_csens=0.7176
ep  59 loss=0.5097 val_dice=0.6722 val_iou=0.5465 val_csens=0.7124
