device=cuda sets=['CBMI', 'MITO'] strategy=finetune train=308 val=53 lr=0.0003
ep   0 loss=0.9370 val_dice=0.4024 val_iou=0.2716 val_csens=0.4616 *saved
ep   1 loss=0.8262 val_dice=0.3523 val_iou=0.2295 val_csens=0.3887
ep   2 loss=0.8406 val_dice=0.4052 val_iou=0.2778 val_csens=0.4177
ep   3 loss=0.8120 val_dice=0.3706 val_iou=0.2514 val_csens=0.3518
ep   4 loss=0.7956 val_dice=0.4619 val_iou=0.3344 val_csens=0.4943 *saved
ep   5 loss=0.7975 val_dice=0.4083 val_iou=0.2771 val_csens=0.4491
ep   6 loss=0.7881 val_dice=0.4487 val_iou=0.3142 val_csens=0.5086 *saved
ep   7 loss=0.7752 val_dice=0.3377 val_iou=0.2183 val_csens=0.3263
ep   8 loss=0.7853 val_dice=0.4345 val_iou=0.2997 val_csens=0.4780
ep   9 loss=0.7826 val_dice=0.3478 val_iou=0.2257 val_csens=0.3436
ep  10 loss=0.7546 val_dice=0.4137 val_iou=0.2896 val_csens=0.4178
ep  11 loss=0.7593 val_dice=0.4912 val_iou=0.3542 val_csens=0.5226 *saved
ep  12 loss=0.7686 val_dice=0.4141 val_iou=0.2778 val_csens=0.4756
ep  13 loss=0.7500 val_dice=0.4651 val_iou=0.3259 val_csens=0.5476
ep  14 loss=0.7629 val_dice=0.3860 val_iou=0.2553 val_csens=0.3721
ep  15 loss=0.7524 val_dice=0.3470 val_iou=0.2266 val_csens=0.3141
ep  16 loss=0.7408 val_dice=0.5076 val_iou=0.3659 val_csens=0.6036 *saved
ep  17 loss=0.7481 val_dice=0.3925 val_iou=0.2791 val_csens=0.3836
ep  18 loss=0.7399 val_dice=0.4688 val_iou=0.3268 val_csens=0.4834
ep  19 loss=0.7311 val_dice=0.4170 val_iou=0.2869 val_csens=0.4043
ep  20 loss=0.7189 val_dice=0.4916 val_iou=0.3515 val_csens=0.5137
ep  21 loss=0.7110 val_dice=0.4383 val_iou=0.2975 val_csens=0.4577
ep  22 loss=0.7051 val_dice=0.4516 val_iou=0.3135 val_csens=0.4612
ep  23 loss=0.7118 val_dice=0.4378 val_iou=0.2968 val_csens=0.4785
ep  24 loss=0.7057 val_dice=0.4548 val_iou=0.3104 val_csens=0.4875
ep  25 loss=0.6891 val_dice=0.4588 val_iou=0.3156 val_csens=0.4400
ep  26 loss=0.7013 val_dice=0.4206 val_iou=0.2851 val_csens=0.3993
ep  27 loss=0.7030 val_dice=0.4713 val_iou=0.3266 val_csens=0.4511
ep  28 loss=0.7091 val_dice=0.4660 val_iou=0.3254 val_csens=0.4491
ep  29 loss=0.6956 val_dice=0.4326 val_iou=0.2935 val_csens=0.4611
ep  30 loss=0.6880 val_dice=0.5130 val_iou=0.3656 val_csens=0.5448
ep  31 loss=0.6981 val_dice=0.4263 val_iou=0.2907 val_csens=0.3903
ep  32 loss=0.6887 val_dice=0.4042 val_iou=0.2712 val_csens=0.3814
ep  33 loss=0.6857 val_dice=0.4370 val_iou=0.2974 val_csens=0.4196
ep  34 loss=0.6976 val_dice=0.4220 val_iou=0.2870 val_csens=0.3918
ep  35 loss=0.6756 val_dice=0.3142 val_iou=0.2013 val_csens=0.2572
ep  36 loss=0.6692 val_dice=0.4449 val_iou=0.3046 val_csens=0.4231
ep  37 loss=0.6697 val_dice=0.4265 val_iou=0.2904 val_csens=0.4035
ep  38 loss=0.6661 val_dice=0.3982 val_iou=0.2664 val_csens=0.3629
ep  39 loss=0.6859 val_dice=0.4468 val_iou=0.3060 val_csens=0.4215
ep  40 loss=0.6785 val_dice=0.4440 val_iou=0.3022 val_csens=0.4374
ep  41 loss=0.6654 val_dice=0.4700 val_iou=0.3275 val_csens=0.4443
ep  42 loss=0.6501 val_dice=0.3881 val_iou=0.2582 val_csens=0.3498
ep  43 loss=0.6711 val_dice=0.4216 val_iou=0.2849 val_csens=0.3827
ep  44 loss=0.6614 val_dice=0.4422 val_iou=0.3028 val_csens=0.4057
ep  45 loss=0.6652 val_dice=0.4770 val_iou=0.3297 val_csens=0.4752
ep  46 loss=0.6632 val_dice=0.4661 val_iou=0.3211 val_csens=0.4479
ep  47 loss=0.6571 val_dice=0.4439 val_iou=0.3027 val_csens=0.4402
ep  48 loss=0.6449 val_dice=0.4774 val_iou=0.3323 val_csens=0.4533
ep  49 loss=0.6461 val_dice=0.4673 val_iou=0.3215 val_csens=0.4629
ep  50 loss=0.6534 val_dice=0.4702 val_iou=0.3253 val_csens=0.4533
ep  51 loss=0.6539 val_dice=0.4463 val_iou=0.3043 val_csens=0.4182
ep  52 loss=0.6537 val_dice=0.4284 val_iou=0.2903 val_csens=0.4011
ep  53 loss=0.6513 val_dice=0.4386 val_iou=0.2983 val_csens=0.4125
ep  54 loss=0.6520 val_dice=0.4368 val_iou=0.2972 val_csens=0.4228
ep  55 loss=0.6395 val_dice=0.4560 val_iou=0.3128 val_csens=0.4444
ep  56 loss=0.6524 val_dice=0.4416 val_iou=0.3008 val_csens=0.4274
ep  57 loss=0.6459 val_dice=0.4481 val_iou=0.3064 val_csens=0.4343
ep  58 loss=0.6520 val_dice=0.4305 val_iou=0.2919 val_csens=0.4092
ep  59 loss=0.6535 val_dice=0.4470 val_iou=0.3052 val_csens=0.4336
