device=cuda sets=['UIT', 'MITO'] strategy=scratch train=420 val=77 lr=0.001
ep   0 loss=1.5360 val_dice=0.5492 val_iou=0.4328 val_csens=0.7704 *saved
ep   1 loss=1.2131 val_dice=0.5319 val_iou=0.4144 val_csens=0.6040
ep   2 loss=1.0289 val_dice=0.5654 val_iou=0.4504 val_csens=0.7562 *saved
ep   3 loss=0.9083 val_dice=0.5844 val_iou=0.4745 val_csens=0.7271
ep   4 loss=0.8453 val_dice=0.5689 val_iou=0.4610 val_csens=0.8172 *saved
ep   5 loss=0.7930 val_dice=0.5899 val_iou=0.4844 val_csens=0.7599
ep   6 loss=0.7572 val_dice=0.5776 val_iou=0.4670 val_csens=0.6351
ep   7 loss=0.7477 val_dice=0.5885 val_iou=0.4827 val_csens=0.7724
ep   8 loss=0.7386 val_dice=0.5734 val_iou=0.4690 val_csens=0.6704
ep   9 loss=0.7183 val_dice=0.6050 val_iou=0.5004 val_csens=0.6729
ep  10 loss=0.7286 val_dice=0.6090 val_iou=0.5029 val_csens=0.7486
ep  11 loss=0.7113 val_dice=0.6008 val_iou=0.4930 val_csens=0.7474
ep  12 loss=0.7225 val_dice=0.6130 val_iou=0.5064 val_csens=0.6864
ep  13 loss=0.7082 val_dice=0.6131 val_iou=0.5074 val_csens=0.6922
ep  14 loss=0.6981 val_dice=0.6030 val_iou=0.4965 val_csens=0.7992 *saved
ep  15 loss=0.7056 val_dice=0.6097 val_iou=0.5064 val_csens=0.7033
ep  16 loss=0.6806 val_dice=0.6058 val_iou=0.5019 val_csens=0.6514
ep  17 loss=0.6738 val_dice=0.6208 val_iou=0.5169 val_csens=0.6860
ep  18 loss=0.6665 val_dice=0.6143 val_iou=0.5108 val_csens=0.6551
ep  19 loss=0.6752 val_dice=0.6229 val_iou=0.5140 val_csens=0.6980
ep  20 loss=0.6672 val_dice=0.6297 val_iou=0.5238 val_csens=0.6996
ep  21 loss=0.6715 val_dice=0.6226 val_iou=0.5186 val_csens=0.7019
ep  22 loss=0.6733 val_dice=0.6298 val_iou=0.5230 val_csens=0.7750 *saved
ep  23 loss=0.6536 val_dice=0.6327 val_iou=0.5222 val_csens=0.7249
ep  24 loss=0.6613 val_dice=0.6404 val_iou=0.5317 val_csens=0.7600
ep  25 loss=0.6361 val_dice=0.6224 val_iou=0.5160 val_csens=0.6795
ep  26 loss=0.6373 val_dice=0.6017 val_iou=0.5028 val_csens=0.6564
ep  27 loss=0.6569 val_dice=0.6380 val_iou=0.5316 val_csens=0.6893
ep  28 loss=0.6323 val_dice=0.6343 val_iou=0.5287 val_csens=0.6683
ep  29 loss=0.6350 val_dice=0.6296 val_iou=0.5224 val_csens=0.6526
ep  30 loss=0.6432 val_dice=0.6392 val_iou=0.5318 val_csens=0.7146
ep  31 loss=0.6371 val_dice=0.6540 val_iou=0.5454 val_csens=0.7402
ep  32 loss=0.6245 val_dice=0.6597 val_iou=0.5492 val_csens=0.7540 *saved
ep  33 loss=0.6193 val_dice=0.6397 val_iou=0.5273 val_csens=0.6980
ep  34 loss=0.6119 val_dice=0.6622 val_iou=0.5497 val_csens=0.7661 *saved
ep  35 loss=0.6103 val_dice=0.6143 val_iou=0.5155 val_csens=0.6151
ep  36 loss=0.6085 val_dice=0.6658 val_iou=0.5531 val_csens=0.7146
ep  37 loss=0.5947 val_dice=0.6759 val_iou=0.5611 val_csens=0.7705 *saved
ep  38 loss=0.5939 val_dice=0.6786 val_iou=0.5647 val_csens=0.7440
ep  39 loss=0.6064 val_dice=0.6548 val_iou=0.5464 val_csens=0.6789
ep  40 loss=0.5792 val_dice=0.6742 val_iou=0.5585 val_csens=0.7388
ep  41 loss=0.5946 val_dice=0.6642 val_iou=0.5526 val_csens=0.7121
ep  42 loss=0.5880 val_dice=0.6700 val_iou=0.5558 val_csens=0.7300
ep  43 loss=0.5876 val_dice=0.6767 val_iou=0.5640 val_csens=0.7526
ep  44 loss=0.5924 val_dice=0.6778 val_iou=0.5635 val_csens=0.7469
ep  45 loss=0.5790 val_dice=0.6830 val_iou=0.5679 val_csens=0.7442
ep  46 loss=0.5811 val_dice=0.6786 val_iou=0.5641 val_csens=0.7836 *saved
ep  47 loss=0.5629 val_dice=0.6873 val_iou=0.5729 val_csens=0.7238
ep  48 loss=0.5677 val_dice=0.6897 val_iou=0.5747 val_csens=0.7543
ep  49 loss=0.5715 val_dice=0.6924 val_iou=0.5776 val_csens=0.7575
ep  50 loss=0.5637 val_dice=0.6907 val_iou=0.5749 val_csens=0.7772 *saved
ep  51 loss=0.5634 val_dice=0.6919 val_iou=0.5757 val_csens=0.7635
ep  52 loss=0.5631 val_dice=0.6935 val_iou=0.5789 val_csens=0.7332
ep  53 loss=0.5535 val_dice=0.6931 val_iou=0.5772 val_csens=0.7506
ep  54 loss=0.5580 val_dice=0.6944 val_iou=0.5802 val_csens=0.7396
ep  55 loss=0.5505 val_dice=0.6946 val_iou=0.5786 val_csens=0.7492
ep  56 loss=0.5622 val_dice=0.6956 val_iou=0.5795 val_csens=0.7555
ep  57 loss=0.5566 val_dice=0.6935 val_iou=0.5773 val_csens=0.7554
ep  58 loss=0.5521 val_dice=0.6948 val_iou=0.5792 val_csens=0.7556
ep  59 loss=0.5570 val_dice=0.6959 val_iou=0.5806 val_csens=0.7501
