device=cuda sets=['UIT', 'MITO'] strategy=finetune train=420 val=77 lr=0.0003
ep   0 loss=0.8261 val_dice=0.5986 val_iou=0.4968 val_csens=0.7086 *saved
ep   1 loss=0.7302 val_dice=0.6076 val_iou=0.5049 val_csens=0.7304 *saved
ep   2 loss=0.7158 val_dice=0.6078 val_iou=0.5099 val_csens=0.6799
ep   3 loss=0.6917 val_dice=0.6214 val_iou=0.5216 val_csens=0.7432 *saved
ep   4 loss=0.6936 val_dice=0.6231 val_iou=0.5236 val_csens=0.7000
ep   5 loss=0.6836 val_dice=0.6224 val_iou=0.5204 val_csens=0.6909
ep   6 loss=0.6784 val_dice=0.6181 val_iou=0.5209 val_csens=0.6748
ep   7 loss=0.6775 val_dice=0.6328 val_iou=0.5297 val_csens=0.7416 *saved
ep   8 loss=0.6700 val_dice=0.6168 val_iou=0.5173 val_csens=0.6851
ep   9 loss=0.6663 val_dice=0.6218 val_iou=0.5220 val_csens=0.6527
ep  10 loss=0.6682 val_dice=0.6373 val_iou=0.5344 val_csens=0.7150
ep  11 loss=0.6544 val_dice=0.6418 val_iou=0.5354 val_csens=0.7240
ep  12 loss=0.6694 val_dice=0.6522 val_iou=0.5494 val_csens=0.7234 *saved
ep  13 loss=0.6550 val_dice=0.6403 val_iou=0.5389 val_csens=0.7319
ep  14 loss=0.6562 val_dice=0.6369 val_iou=0.5348 val_csens=0.7741 *saved
ep  15 loss=0.6506 val_dice=0.6535 val_iou=0.5503 val_csens=0.7002
ep  16 loss=0.6307 val_dice=0.6573 val_iou=0.5554 val_csens=0.7233
ep  17 loss=0.6322 val_dice=0.6485 val_iou=0.5461 val_csens=0.6840
ep  18 loss=0.6202 val_dice=0.6693 val_iou=0.5626 val_csens=0.7625 *saved
ep  19 loss=0.6337 val_dice=0.6651 val_iou=0.5583 val_csens=0.7093
ep  20 loss=0.6256 val_dice=0.6228 val_iou=0.5261 val_csens=0.6569
ep  21 loss=0.6195 val_dice=0.5942 val_iou=0.5010 val_csens=0.6142
ep  22 loss=0.6281 val_dice=0.6614 val_iou=0.5575 val_csens=0.7060
ep  23 loss=0.6023 val_dice=0.6752 val_iou=0.5671 val_csens=0.7138
ep  24 loss=0.6119 val_dice=0.6714 val_iou=0.5647 val_csens=0.7633 *saved
ep  25 loss=0.5861 val_dice=0.6641 val_iou=0.5588 val_csens=0.7014
ep  26 loss=0.5951 val_dice=0.6692 val_iou=0.5621 val_csens=0.7114
ep  27 loss=0.6102 val_dice=0.6609 val_iou=0.5574 val_csens=0.6897
ep  28 loss=0.5866 val_dice=0.6806 val_iou=0.5733 val_csens=0.7266
ep  29 loss=0.5844 val_dice=0.6658 val_iou=0.5603 val_csens=0.6942
ep  30 loss=0.5894 val_dice=0.6700 val_iou=0.5648 val_csens=0.6907
ep  31 loss=0.5874 val_dice=0.6775 val_iou=0.5723 val_csens=0.7166
ep  32 loss=0.5854 val_dice=0.6576 val_iou=0.5535 val_csens=0.6752
ep  33 loss=0.5741 val_dice=0.6625 val_iou=0.5588 val_csens=0.6807
ep  34 loss=0.5797 val_dice=0.6849 val_iou=0.5761 val_csens=0.7276
ep  35 loss=0.5722 val_dice=0.6785 val_iou=0.5724 val_csens=0.7037
ep  36 loss=0.5722 val_dice=0.6683 val_iou=0.5643 val_csens=0.6853
ep  37 loss=0.5615 val_dice=0.6881 val_iou=0.5788 val_csens=0.7413
ep  38 loss=0.5618 val_dice=0.6960 val_iou=0.5858 val_csens=0.7534 *saved
ep  39 loss=0.5654 val_dice=0.6839 val_iou=0.5763 val_csens=0.7250
ep  40 loss=0.5523 val_dice=0.6887 val_iou=0.5808 val_csens=0.7224
ep  41 loss=0.5653 val_dice=0.6914 val_iou=0.5828 val_csens=0.7473
ep  42 loss=0.5551 val_dice=0.6826 val_iou=0.5753 val_csens=0.7180
ep  43 loss=0.5545 val_dice=0.6880 val_iou=0.5789 val_csens=0.7736 *saved
ep  44 loss=0.5674 val_dice=0.6825 val_iou=0.5755 val_csens=0.7165
ep  45 loss=0.5618 val_dice=0.6913 val_iou=0.5808 val_csens=0.7230
ep  46 loss=0.5558 val_dice=0.6842 val_iou=0.5770 val_csens=0.7060
ep  47 loss=0.5506 val_dice=0.6928 val_iou=0.5845 val_csens=0.7269
ep  48 loss=0.5521 val_dice=0.6961 val_iou=0.5863 val_csens=0.7275
ep  49 loss=0.5482 val_dice=0.6952 val_iou=0.5860 val_csens=0.7312
ep  50 loss=0.5439 val_dice=0.6930 val_iou=0.5848 val_csens=0.7307
ep  51 loss=0.5429 val_dice=0.6976 val_iou=0.5876 val_csens=0.7333
ep  52 loss=0.5456 val_dice=0.6967 val_iou=0.5874 val_csens=0.7240
ep  53 loss=0.5403 val_dice=0.6968 val_iou=0.5866 val_csens=0.7284
ep  54 loss=0.5394 val_dice=0.6977 val_iou=0.5887 val_csens=0.7324
ep  55 loss=0.5364 val_dice=0.6989 val_iou=0.5888 val_csens=0.7380
ep  56 loss=0.5528 val_dice=0.6981 val_iou=0.5878 val_csens=0.7326
ep  57 loss=0.5424 val_dice=0.6960 val_iou=0.5865 val_csens=0.7298
ep  58 loss=0.5411 val_dice=0.6972 val_iou=0.5877 val_csens=0.7313
ep  59 loss=0.5430 val_dice=0.6976 val_iou=0.5881 val_csens=0.7308
