device=cuda sets=['UIT', 'CBMI'] strategy=finetune train=442 val=64 lr=0.0003
ep   0 loss=0.4298 val_dice=0.8104 val_iou=0.6945 val_csens=0.9163 *saved
ep   1 loss=0.3627 val_dice=0.8169 val_iou=0.7045 val_csens=0.9166 *saved
ep   2 loss=0.3534 val_dice=0.8160 val_iou=0.7034 val_csens=0.9229 *saved
ep   3 loss=0.3385 val_dice=0.8224 val_iou=0.7104 val_csens=0.8968
ep   4 loss=0.3397 val_dice=0.8294 val_iou=0.7198 val_csens=0.9046
ep   5 loss=0.3347 val_dice=0.8208 val_iou=0.7087 val_csens=0.9090
ep   6 loss=0.3375 val_dice=0.8246 val_iou=0.7139 val_csens=0.9000
ep   7 loss=0.3331 val_dice=0.8170 val_iou=0.7045 val_csens=0.9295 *saved
ep   8 loss=0.3312 val_dice=0.8336 val_iou=0.7252 val_csens=0.9108
ep   9 loss=0.3234 val_dice=0.8340 val_iou=0.7255 val_csens=0.8914
ep  10 loss=0.3208 val_dice=0.8348 val_iou=0.7268 val_csens=0.9073
ep  11 loss=0.3200 val_dice=0.8274 val_iou=0.7190 val_csens=0.9156
ep  12 loss=0.3233 val_dice=0.8285 val_iou=0.7205 val_csens=0.9257 *saved
ep  13 loss=0.3265 val_dice=0.8282 val_iou=0.7204 val_csens=0.9115
ep  14 loss=0.3271 val_dice=0.8325 val_iou=0.7240 val_csens=0.9111
ep  15 loss=0.3186 val_dice=0.8342 val_iou=0.7274 val_csens=0.9025
ep  16 loss=0.3129 val_dice=0.8311 val_iou=0.7238 val_csens=0.9250 *saved
ep  17 loss=0.3159 val_dice=0.8207 val_iou=0.7104 val_csens=0.9241
ep  18 loss=0.3217 val_dice=0.8197 val_iou=0.7100 val_csens=0.9335
ep  19 loss=0.3195 val_dice=0.8314 val_iou=0.7230 val_csens=0.9095
ep  20 loss=0.3145 val_dice=0.8344 val_iou=0.7264 val_csens=0.8981
ep  21 loss=0.3164 val_dice=0.8449 val_iou=0.7391 val_csens=0.8722
ep  22 loss=0.3220 val_dice=0.8332 val_iou=0.7255 val_csens=0.9122
ep  23 loss=0.3171 val_dice=0.8262 val_iou=0.7178 val_csens=0.9230
ep  24 loss=0.3136 val_dice=0.8240 val_iou=0.7159 val_csens=0.9181
ep  25 loss=0.3156 val_dice=0.8280 val_iou=0.7201 val_csens=0.9242
ep  26 loss=0.3089 val_dice=0.8277 val_iou=0.7192 val_csens=0.9093
ep  27 loss=0.3102 val_dice=0.8206 val_iou=0.7111 val_csens=0.9265
ep  28 loss=0.3055 val_dice=0.8299 val_iou=0.7235 val_csens=0.9254
ep  29 loss=0.3040 val_dice=0.8275 val_iou=0.7198 val_csens=0.9202
ep  30 loss=0.3035 val_dice=0.8324 val_iou=0.7258 val_csens=0.9102
ep  31 loss=0.3084 val_dice=0.8262 val_iou=0.7188 val_csens=0.9244
ep  32 loss=0.3055 val_dice=0.8302 val_iou=0.7212 val_csens=0.9055
ep  33 loss=0.2977 val_dice=0.8311 val_iou=0.7250 val_csens=0.9262 *saved
ep  34 loss=0.3014 val_dice=0.8373 val_iou=0.7316 val_csens=0.9144
ep  35 loss=0.3113 val_dice=0.8336 val_iou=0.7271 val_csens=0.9154
ep  36 loss=0.3053 val_dice=0.8293 val_iou=0.7218 val_csens=0.9194
ep  37 loss=0.3031 val_dice=0.8264 val_iou=0.7191 val_csens=0.9275
ep  38 loss=0.2984 val_dice=0.8358 val_iou=0.7289 val_csens=0.9113
ep  39 loss=0.2987 val_dice=0.8338 val_iou=0.7281 val_csens=0.9242 *saved
ep  40 loss=0.2959 val_dice=0.8363 val_iou=0.7311 val_csens=0.9193
ep  41 loss=0.2985 val_dice=0.8371 val_iou=0.7320 val_csens=0.9179
ep  42 loss=0.2959 val_dice=0.8399 val_iou=0.7357 val_csens=0.9155
ep  43 loss=0.2989 val_dice=0.8355 val_iou=0.7310 val_csens=0.9198
ep  44 loss=0.2969 val_dice=0.8355 val_iou=0.7306 val_csens=0.9219
ep  45 loss=0.2964 val_dice=0.8322 val_iou=0.7265 val_csens=0.9225
ep  46 loss=0.2940 val_dice=0.8360 val_iou=0.7302 val_csens=0.9145
ep  47 loss=0.2962 val_dice=0.8361 val_iou=0.7310 val_csens=0.9182
ep  48 loss=0.2915 val_dice=0.8364 val_iou=0.7309 val_csens=0.9144
ep  49 loss=0.2964 val_dice=0.8376 val_iou=0.7325 val_csens=0.9141
ep  50 loss=0.2952 val_dice=0.8300 val_iou=0.7232 val_csens=0.9229
ep  51 loss=0.2959 val_dice=0.8334 val_iou=0.7278 val_csens=0.9227
ep  52 loss=0.2975 val_dice=0.8353 val_iou=0.7304 val_csens=0.9215
ep  53 loss=0.2938 val_dice=0.8338 val_iou=0.7283 val_csens=0.9189
ep  54 loss=0.2930 val_dice=0.8349 val_iou=0.7294 val_csens=0.9178
ep  55 loss=0.2918 val_dice=0.8319 val_iou=0.7264 val_csens=0.9239
ep  56 loss=0.2905 val_dice=0.8344 val_iou=0.7292 val_csens=0.9209
ep  57 loss=0.2911 val_dice=0.8306 val_iou=0.7245 val_csens=0.9265
ep  58 loss=0.2957 val_dice=0.8330 val_iou=0.7273 val_csens=0.9233
ep  59 loss=0.2922 val_dice=0.8340 val_iou=0.7286 val_csens=0.9207
