device=cuda sets=['CBMI', 'MITO'] strategy=joint train=926 val=53 lr=0.001
ep   0 loss=1.3739 val_dice=0.4304 val_iou=0.3173 val_csens=0.7445 *saved
ep   1 loss=0.8292 val_dice=0.4491 val_iou=0.3380 val_csens=0.6982
ep   2 loss=0.5471 val_dice=0.4675 val_iou=0.3542 val_csens=0.6853
ep   3 loss=0.4545 val_dice=0.4692 val_iou=0.3583 val_csens=0.6443
ep   4 loss=0.4295 val_dice=0.4671 val_iou=0.3480 val_csens=0.6133
ep   5 loss=0.4043 val_dice=0.4692 val_iou=0.3496 val_csens=0.6210
ep   6 loss=0.3925 val_dice=0.4570 val_iou=0.3300 val_csens=0.5714
ep   7 loss=0.3820 val_dice=0.4480 val_iou=0.3195 val_csens=0.5470
ep   8 loss=0.3745 val_dice=0.4620 val_iou=0.3403 val_csens=0.7436 *saved
ep   9 loss=0.3752 val_dice=0.4739 val_iou=0.3577 val_csens=0.7481 *saved
ep  10 loss=0.3718 val_dice=0.4377 val_iou=0.3076 val_csens=0.5120
ep  11 loss=0.3663 val_dice=0.4808 val_iou=0.3540 val_csens=0.6119
ep  12 loss=0.3601 val_dice=0.4883 val_iou=0.3604 val_csens=0.5925
ep  13 loss=0.3550 val_dice=0.4806 val_iou=0.3621 val_csens=0.7792 *saved
ep  14 loss=0.3527 val_dice=0.3858 val_iou=0.2583 val_csens=0.4417
ep  15 loss=0.3485 val_dice=0.4552 val_iou=0.3198 val_csens=0.5752
ep  16 loss=0.3456 val_dice=0.4888 val_iou=0.3565 val_csens=0.6028
ep  17 loss=0.3438 val_dice=0.3006 val_iou=0.1919 val_csens=0.3125
ep  18 loss=0.3410 val_dice=0.2949 val_iou=0.1836 val_csens=0.2692
ep  19 loss=0.3437 val_dice=0.4708 val_iou=0.3370 val_csens=0.5178
ep  20 loss=0.3348 val_dice=0.4943 val_iou=0.3611 val_csens=0.6512
ep  21 loss=0.3358 val_dice=0.4872 val_iou=0.3543 val_csens=0.5808
ep  22 loss=0.3299 val_dice=0.4658 val_iou=0.3281 val_csens=0.5409
ep  23 loss=0.3298 val_dice=0.4865 val_iou=0.3508 val_csens=0.6158
ep  24 loss=0.3290 val_dice=0.4736 val_iou=0.3412 val_csens=0.5613
ep  25 loss=0.3303 val_dice=0.4560 val_iou=0.3178 val_csens=0.4788
ep  26 loss=0.3262 val_dice=0.4909 val_iou=0.3538 val_csens=0.6361
ep  27 loss=0.3236 val_dice=0.4700 val_iou=0.3329 val_csens=0.5081
ep  28 loss=0.3217 val_dice=0.4434 val_iou=0.3045 val_csens=0.4816
ep  29 loss=0.3173 val_dice=0.4008 val_iou=0.2646 val_csens=0.5552
ep  30 loss=0.3276 val_dice=0.5298 val_iou=0.3914 val_csens=0.6319
ep  31 loss=0.3138 val_dice=0.4572 val_iou=0.3346 val_csens=0.4606
ep  32 loss=0.3155 val_dice=0.4302 val_iou=0.2909 val_csens=0.4087
ep  33 loss=0.3180 val_dice=0.5182 val_iou=0.3781 val_csens=0.6881
ep  34 loss=0.3137 val_dice=0.4885 val_iou=0.3434 val_csens=0.5808
ep  35 loss=0.3126 val_dice=0.5136 val_iou=0.3717 val_csens=0.5751
ep  36 loss=0.3092 val_dice=0.5404 val_iou=0.3987 val_csens=0.6343
ep  37 loss=0.3047 val_dice=0.4689 val_iou=0.3307 val_csens=0.4555
ep  38 loss=0.3051 val_dice=0.4708 val_iou=0.3233 val_csens=0.5306
ep  39 loss=0.3052 val_dice=0.5161 val_iou=0.3703 val_csens=0.6775
ep  40 loss=0.2994 val_dice=0.4914 val_iou=0.3440 val_csens=0.5306
ep  41 loss=0.2972 val_dice=0.4853 val_iou=0.3421 val_csens=0.4728
ep  42 loss=0.2975 val_dice=0.4881 val_iou=0.3391 val_csens=0.5373
ep  43 loss=0.2995 val_dice=0.4993 val_iou=0.3512 val_csens=0.5022
ep  44 loss=0.2980 val_dice=0.5049 val_iou=0.3572 val_csens=0.5043
ep  45 loss=0.2934 val_dice=0.4569 val_iou=0.3150 val_csens=0.4196
ep  46 loss=0.2945 val_dice=0.4561 val_iou=0.3121 val_csens=0.4243
ep  47 loss=0.2933 val_dice=0.5293 val_iou=0.3800 val_csens=0.5919
ep  48 loss=0.2883 val_dice=0.5234 val_iou=0.3727 val_csens=0.5662
ep  49 loss=0.2870 val_dice=0.4970 val_iou=0.3481 val_csens=0.5219
ep  50 loss=0.2922 val_dice=0.5236 val_iou=0.3733 val_csens=0.5580
ep  51 loss=0.2842 val_dice=0.5299 val_iou=0.3796 val_csens=0.5629
ep  52 loss=0.2839 val_dice=0.5207 val_iou=0.3704 val_csens=0.5410
ep  53 loss=0.2838 val_dice=0.5262 val_iou=0.3758 val_csens=0.5554
ep  54 loss=0.2829 val_dice=0.5262 val_iou=0.3771 val_csens=0.5424
ep  55 loss=0.2813 val_dice=0.5253 val_iou=0.3746 val_csens=0.5530
ep  56 loss=0.2836 val_dice=0.5226 val_iou=0.3722 val_csens=0.5413
ep  57 loss=0.2814 val_dice=0.5268 val_iou=0.3769 val_csens=0.5408
ep  58 loss=0.2822 val_dice=0.5284 val_iou=0.3781 val_csens=0.5481
ep  59 loss=0.2847 val_dice=0.5321 val_iou=0.3813 val_csens=0.5668
