device=cuda sets=['UIT', 'MITO'] strategy=joint train=1038 val=77 lr=0.001
ep   0 loss=1.3709 val_dice=0.5603 val_iou=0.4528 val_csens=0.7712 *saved
ep   1 loss=0.8188 val_dice=0.5574 val_iou=0.4466 val_csens=0.7892 *saved
ep   2 loss=0.5423 val_dice=0.5796 val_iou=0.4723 val_csens=0.7616
ep   3 loss=0.4665 val_dice=0.5851 val_iou=0.4820 val_csens=0.7933 *saved
ep   4 loss=0.4512 val_dice=0.5759 val_iou=0.4652 val_csens=0.7771
ep   5 loss=0.4279 val_dice=0.5807 val_iou=0.4704 val_csens=0.7302
ep   6 loss=0.4173 val_dice=0.5824 val_iou=0.4704 val_csens=0.6824
ep   7 loss=0.4001 val_dice=0.5903 val_iou=0.4819 val_csens=0.7025
ep   8 loss=0.3918 val_dice=0.5969 val_iou=0.4967 val_csens=0.7387
ep   9 loss=0.3871 val_dice=0.6063 val_iou=0.5001 val_csens=0.7107
ep  10 loss=0.3816 val_dice=0.5951 val_iou=0.4944 val_csens=0.6865
ep  11 loss=0.3756 val_dice=0.5173 val_iou=0.4318 val_csens=0.5298
ep  12 loss=0.3787 val_dice=0.6061 val_iou=0.5067 val_csens=0.6892
ep  13 loss=0.3702 val_dice=0.5911 val_iou=0.4882 val_csens=0.6470
ep  14 loss=0.3600 val_dice=0.6123 val_iou=0.5102 val_csens=0.7714 *saved
ep  15 loss=0.3585 val_dice=0.6228 val_iou=0.5208 val_csens=0.7235
ep  16 loss=0.3509 val_dice=0.6219 val_iou=0.5211 val_csens=0.6691
ep  17 loss=0.3506 val_dice=0.6236 val_iou=0.5219 val_csens=0.6899
ep  18 loss=0.3432 val_dice=0.6297 val_iou=0.5255 val_csens=0.7815 *saved
ep  19 loss=0.3521 val_dice=0.6271 val_iou=0.5249 val_csens=0.7148
ep  20 loss=0.3438 val_dice=0.6310 val_iou=0.5280 val_csens=0.7366
ep  21 loss=0.3404 val_dice=0.6156 val_iou=0.5108 val_csens=0.7725
ep  22 loss=0.3362 val_dice=0.6396 val_iou=0.5349 val_csens=0.7133
ep  23 loss=0.3363 val_dice=0.6372 val_iou=0.5317 val_csens=0.7096
ep  24 loss=0.3344 val_dice=0.6043 val_iou=0.5084 val_csens=0.6209
ep  25 loss=0.3291 val_dice=0.6080 val_iou=0.5146 val_csens=0.6321
ep  26 loss=0.3264 val_dice=0.6250 val_iou=0.5241 val_csens=0.6441
ep  27 loss=0.3255 val_dice=0.6562 val_iou=0.5451 val_csens=0.7496
ep  28 loss=0.3233 val_dice=0.6085 val_iou=0.5148 val_csens=0.6468
ep  29 loss=0.3172 val_dice=0.6725 val_iou=0.5612 val_csens=0.7372
ep  30 loss=0.3167 val_dice=0.6429 val_iou=0.5378 val_csens=0.8114 *saved
ep  31 loss=0.3205 val_dice=0.6092 val_iou=0.5107 val_csens=0.6489
ep  32 loss=0.3107 val_dice=0.6697 val_iou=0.5590 val_csens=0.7716
ep  33 loss=0.3097 val_dice=0.6653 val_iou=0.5533 val_csens=0.7519
ep  34 loss=0.3026 val_dice=0.6779 val_iou=0.5666 val_csens=0.7396
ep  35 loss=0.3046 val_dice=0.6623 val_iou=0.5569 val_csens=0.6839
ep  36 loss=0.3026 val_dice=0.6707 val_iou=0.5634 val_csens=0.7138
ep  37 loss=0.3043 val_dice=0.6768 val_iou=0.5650 val_csens=0.7704
ep  38 loss=0.3041 val_dice=0.6745 val_iou=0.5655 val_csens=0.7129
ep  39 loss=0.3020 val_dice=0.6714 val_iou=0.5611 val_csens=0.7026
ep  40 loss=0.2976 val_dice=0.6827 val_iou=0.5721 val_csens=0.7784 *saved
ep  41 loss=0.2982 val_dice=0.6851 val_iou=0.5733 val_csens=0.7327
ep  42 loss=0.2924 val_dice=0.6783 val_iou=0.5643 val_csens=0.7634
ep  43 loss=0.2938 val_dice=0.6890 val_iou=0.5768 val_csens=0.7283
ep  44 loss=0.2910 val_dice=0.6929 val_iou=0.5803 val_csens=0.7761 *saved
ep  45 loss=0.2880 val_dice=0.6823 val_iou=0.5729 val_csens=0.7061
ep  46 loss=0.2923 val_dice=0.6867 val_iou=0.5764 val_csens=0.7349
ep  47 loss=0.2883 val_dice=0.6934 val_iou=0.5813 val_csens=0.7438
ep  48 loss=0.2836 val_dice=0.6918 val_iou=0.5806 val_csens=0.7246
ep  49 loss=0.2845 val_dice=0.6926 val_iou=0.5814 val_csens=0.7346
ep  50 loss=0.2853 val_dice=0.6962 val_iou=0.5819 val_csens=0.7517
ep  51 loss=0.2853 val_dice=0.6957 val_iou=0.5829 val_csens=0.7495
ep  52 loss=0.2833 val_dice=0.6978 val_iou=0.5856 val_csens=0.7489
ep  53 loss=0.2790 val_dice=0.6986 val_iou=0.5858 val_csens=0.7467
ep  54 loss=0.2808 val_dice=0.6990 val_iou=0.5863 val_csens=0.7504
ep  55 loss=0.2793 val_dice=0.6959 val_iou=0.5842 val_csens=0.7316
ep  56 loss=0.2763 val_dice=0.6989 val_iou=0.5863 val_csens=0.7413
ep  57 loss=0.2783 val_dice=0.6999 val_iou=0.5873 val_csens=0.7440
ep  58 loss=0.2805 val_dice=0.6974 val_iou=0.5856 val_csens=0.7322
ep  59 loss=0.2762 val_dice=0.6992 val_iou=0.5867 val_csens=0.7414
