device=cuda sets=['CBMI', 'MITO'] strategy=joint train=926 val=53 lr=0.001
ep   0 loss=1.3978 val_dice=0.4229 val_iou=0.3184 val_csens=0.5132 *saved
ep   1 loss=0.8589 val_dice=0.4272 val_iou=0.3095 val_csens=0.4817
ep   2 loss=0.5600 val_dice=0.4615 val_iou=0.3492 val_csens=0.6948 *saved
ep   3 loss=0.4521 val_dice=0.4669 val_iou=0.3571 val_csens=0.5872
ep   4 loss=0.4284 val_dice=0.4624 val_iou=0.3497 val_csens=0.5673
ep   5 loss=0.4167 val_dice=0.4411 val_iou=0.3174 val_csens=0.4924
ep   6 loss=0.3984 val_dice=0.4775 val_iou=0.3586 val_csens=0.6525
ep   7 loss=0.3863 val_dice=0.4198 val_iou=0.3028 val_csens=0.4696
ep   8 loss=0.3858 val_dice=0.4410 val_iou=0.3205 val_csens=0.4744
ep   9 loss=0.3715 val_dice=0.4479 val_iou=0.3192 val_csens=0.5278
ep  10 loss=0.3736 val_dice=0.2841 val_iou=0.1818 val_csens=0.2618
ep  11 loss=0.3644 val_dice=0.4850 val_iou=0.3553 val_csens=0.6760 *saved
ep  12 loss=0.3589 val_dice=0.4892 val_iou=0.3656 val_csens=0.6738 *saved
ep  13 loss=0.3567 val_dice=0.3999 val_iou=0.2635 val_csens=0.5768
ep  14 loss=0.3584 val_dice=0.4770 val_iou=0.3463 val_csens=0.6059
ep  15 loss=0.3546 val_dice=0.4316 val_iou=0.3005 val_csens=0.4770
ep  16 loss=0.3533 val_dice=0.3629 val_iou=0.2454 val_csens=0.3337
ep  17 loss=0.3532 val_dice=0.4471 val_iou=0.3096 val_csens=0.5394
ep  18 loss=0.3430 val_dice=0.4146 val_iou=0.2815 val_csens=0.4585
ep  19 loss=0.3459 val_dice=0.4898 val_iou=0.3557 val_csens=0.6061
ep  20 loss=0.3418 val_dice=0.3703 val_iou=0.2415 val_csens=0.3734
ep  21 loss=0.3430 val_dice=0.4685 val_iou=0.3285 val_csens=0.5578
ep  22 loss=0.3316 val_dice=0.4221 val_iou=0.2864 val_csens=0.4716
ep  23 loss=0.3382 val_dice=0.5000 val_iou=0.3646 val_csens=0.5920
ep  24 loss=0.3316 val_dice=0.4834 val_iou=0.3425 val_csens=0.5935
ep  25 loss=0.3342 val_dice=0.4181 val_iou=0.2810 val_csens=0.4487
ep  26 loss=0.3244 val_dice=0.3939 val_iou=0.2604 val_csens=0.4350
ep  27 loss=0.3240 val_dice=0.3830 val_iou=0.2582 val_csens=0.3547
ep  28 loss=0.3276 val_dice=0.4428 val_iou=0.3036 val_csens=0.4991
ep  29 loss=0.3240 val_dice=0.4625 val_iou=0.3211 val_csens=0.4834
ep  30 loss=0.3182 val_dice=0.3221 val_iou=0.2075 val_csens=0.2871
ep  31 loss=0.3156 val_dice=0.4872 val_iou=0.3489 val_csens=0.7244 *saved
ep  32 loss=0.3211 val_dice=0.4807 val_iou=0.3373 val_csens=0.5400
ep  33 loss=0.3171 val_dice=0.4876 val_iou=0.3407 val_csens=0.5567
ep  34 loss=0.3134 val_dice=0.4978 val_iou=0.3550 val_csens=0.5332
ep  35 loss=0.3111 val_dice=0.4965 val_iou=0.3503 val_csens=0.5134
ep  36 loss=0.3077 val_dice=0.4698 val_iou=0.3296 val_csens=0.5073
ep  37 loss=0.3115 val_dice=0.4151 val_iou=0.2754 val_csens=0.4231
ep  38 loss=0.3053 val_dice=0.5053 val_iou=0.3585 val_csens=0.5608
ep  39 loss=0.3068 val_dice=0.4833 val_iou=0.3349 val_csens=0.5118
ep  40 loss=0.2992 val_dice=0.5081 val_iou=0.3594 val_csens=0.5606
ep  41 loss=0.3043 val_dice=0.4384 val_iou=0.3005 val_csens=0.4170
ep  42 loss=0.2994 val_dice=0.4626 val_iou=0.3140 val_csens=0.4730
ep  43 loss=0.3023 val_dice=0.4197 val_iou=0.2814 val_csens=0.3820
ep  44 loss=0.2999 val_dice=0.4865 val_iou=0.3364 val_csens=0.5151
ep  45 loss=0.2972 val_dice=0.4969 val_iou=0.3459 val_csens=0.5103
ep  46 loss=0.2962 val_dice=0.4860 val_iou=0.3401 val_csens=0.4669
ep  47 loss=0.2953 val_dice=0.5174 val_iou=0.3666 val_csens=0.5550
ep  48 loss=0.2891 val_dice=0.5286 val_iou=0.3768 val_csens=0.5584
ep  49 loss=0.2904 val_dice=0.4988 val_iou=0.3477 val_csens=0.5073
ep  50 loss=0.2900 val_dice=0.4973 val_iou=0.3475 val_csens=0.4890
ep  51 loss=0.2883 val_dice=0.5059 val_iou=0.3544 val_csens=0.5144
ep  52 loss=0.2901 val_dice=0.5144 val_iou=0.3635 val_csens=0.5387
ep  53 loss=0.2897 val_dice=0.5202 val_iou=0.3682 val_csens=0.5417
ep  54 loss=0.2885 val_dice=0.5192 val_iou=0.3671 val_csens=0.5339
ep  55 loss=0.2885 val_dice=0.5258 val_iou=0.3737 val_csens=0.5529
ep  56 loss=0.2881 val_dice=0.5098 val_iou=0.3582 val_csens=0.5169
ep  57 loss=0.2872 val_dice=0.5097 val_iou=0.3579 val_csens=0.5243
ep  58 loss=0.2892 val_dice=0.5070 val_iou=0.3558 val_csens=0.5069
ep  59 loss=0.2857 val_dice=0.5203 val_iou=0.3682 val_csens=0.5425
