device=cuda sets=['UIT', 'CBMI'] strategy=scratch train=442 val=64 lr=0.001
ep   0 loss=1.2958 val_dice=0.7304 val_iou=0.5986 val_csens=0.9148 *saved
ep   1 loss=0.9098 val_dice=0.7828 val_iou=0.6606 val_csens=0.8910 *saved
ep   2 loss=0.6659 val_dice=0.8035 val_iou=0.6830 val_csens=0.8847 *saved
ep   3 loss=0.5335 val_dice=0.8067 val_iou=0.6903 val_csens=0.8982 *saved
ep   4 loss=0.4623 val_dice=0.8080 val_iou=0.6848 val_csens=0.8720
ep   5 loss=0.4201 val_dice=0.7973 val_iou=0.6824 val_csens=0.9234 *saved
ep   6 loss=0.4030 val_dice=0.8127 val_iou=0.6967 val_csens=0.9222 *saved
ep   7 loss=0.3900 val_dice=0.7956 val_iou=0.6754 val_csens=0.8973
ep   8 loss=0.3890 val_dice=0.7960 val_iou=0.6733 val_csens=0.9024
ep   9 loss=0.3855 val_dice=0.7989 val_iou=0.6788 val_csens=0.9212
ep  10 loss=0.3754 val_dice=0.7939 val_iou=0.6718 val_csens=0.9118
ep  11 loss=0.3779 val_dice=0.7913 val_iou=0.6722 val_csens=0.9285
ep  12 loss=0.3608 val_dice=0.8125 val_iou=0.6932 val_csens=0.8959
ep  13 loss=0.3550 val_dice=0.8226 val_iou=0.7082 val_csens=0.9066
ep  14 loss=0.3589 val_dice=0.7984 val_iou=0.6799 val_csens=0.9308
ep  15 loss=0.3599 val_dice=0.8210 val_iou=0.7054 val_csens=0.8907
ep  16 loss=0.3547 val_dice=0.8131 val_iou=0.6978 val_csens=0.9080
ep  17 loss=0.3498 val_dice=0.8220 val_iou=0.7083 val_csens=0.9105
ep  18 loss=0.3492 val_dice=0.8218 val_iou=0.7090 val_csens=0.9077
ep  19 loss=0.3442 val_dice=0.8099 val_iou=0.6955 val_csens=0.9220
ep  20 loss=0.3404 val_dice=0.8055 val_iou=0.6870 val_csens=0.9079
ep  21 loss=0.3556 val_dice=0.8059 val_iou=0.6913 val_csens=0.9179
ep  22 loss=0.3450 val_dice=0.8041 val_iou=0.6887 val_csens=0.9275
ep  23 loss=0.3424 val_dice=0.8211 val_iou=0.7089 val_csens=0.9180 *saved
ep  24 loss=0.3380 val_dice=0.8189 val_iou=0.7019 val_csens=0.9018
ep  25 loss=0.3306 val_dice=0.8270 val_iou=0.7139 val_csens=0.9004
ep  26 loss=0.3388 val_dice=0.8279 val_iou=0.7174 val_csens=0.9060
ep  27 loss=0.3366 val_dice=0.8144 val_iou=0.7018 val_csens=0.9282 *saved
ep  28 loss=0.3365 val_dice=0.8201 val_iou=0.7078 val_csens=0.9261 *saved
ep  29 loss=0.3282 val_dice=0.8208 val_iou=0.7087 val_csens=0.9105
ep  30 loss=0.3393 val_dice=0.8177 val_iou=0.7051 val_csens=0.9235
ep  31 loss=0.3296 val_dice=0.8325 val_iou=0.7210 val_csens=0.8898
ep  32 loss=0.3353 val_dice=0.8261 val_iou=0.7157 val_csens=0.9210 *saved
ep  33 loss=0.3222 val_dice=0.8306 val_iou=0.7219 val_csens=0.9111
ep  34 loss=0.3288 val_dice=0.8293 val_iou=0.7192 val_csens=0.9152
ep  35 loss=0.3306 val_dice=0.8304 val_iou=0.7209 val_csens=0.9033
ep  36 loss=0.3269 val_dice=0.8291 val_iou=0.7192 val_csens=0.9160
ep  37 loss=0.3266 val_dice=0.8349 val_iou=0.7257 val_csens=0.8999
ep  38 loss=0.3175 val_dice=0.8337 val_iou=0.7238 val_csens=0.8914
ep  39 loss=0.3156 val_dice=0.8352 val_iou=0.7273 val_csens=0.9151 *saved
ep  40 loss=0.3167 val_dice=0.8337 val_iou=0.7255 val_csens=0.9142
ep  41 loss=0.3161 val_dice=0.8345 val_iou=0.7273 val_csens=0.9113
ep  42 loss=0.3137 val_dice=0.8349 val_iou=0.7276 val_csens=0.9148
ep  43 loss=0.3118 val_dice=0.8327 val_iou=0.7244 val_csens=0.9109
ep  44 loss=0.3142 val_dice=0.8279 val_iou=0.7189 val_csens=0.9245 *saved
ep  45 loss=0.3111 val_dice=0.8311 val_iou=0.7228 val_csens=0.9215 *saved
ep  46 loss=0.3150 val_dice=0.8379 val_iou=0.7315 val_csens=0.9107
ep  47 loss=0.3103 val_dice=0.8363 val_iou=0.7296 val_csens=0.9164 *saved
ep  48 loss=0.3098 val_dice=0.8343 val_iou=0.7273 val_csens=0.9147
ep  49 loss=0.3116 val_dice=0.8396 val_iou=0.7342 val_csens=0.9147 *saved
ep  50 loss=0.3056 val_dice=0.8370 val_iou=0.7311 val_csens=0.9172
ep  51 loss=0.3052 val_dice=0.8381 val_iou=0.7319 val_csens=0.9108
ep  52 loss=0.3081 val_dice=0.8345 val_iou=0.7276 val_csens=0.9185
ep  53 loss=0.3058 val_dice=0.8389 val_iou=0.7332 val_csens=0.9125
ep  54 loss=0.3041 val_dice=0.8382 val_iou=0.7324 val_csens=0.9142
ep  55 loss=0.3026 val_dice=0.8382 val_iou=0.7324 val_csens=0.9150
ep  56 loss=0.3055 val_dice=0.8377 val_iou=0.7318 val_csens=0.9138
ep  57 loss=0.3025 val_dice=0.8380 val_iou=0.7322 val_csens=0.9145
ep  58 loss=0.3043 val_dice=0.8383 val_iou=0.7327 val_csens=0.9159
ep  59 loss=0.3031 val_dice=0.8390 val_iou=0.7334 val_csens=0.9145
